#-----------------------------------------------------------
# Vivado v2022.1 (64-bit)
# SW Build 3526262 on Mon Apr 18 15:48:16 MDT 2022
# IP Build 3524634 on Mon Apr 18 20:55:01 MDT 2022
# Start of session at: Wed Nov  2 14:44:41 2022
# Process ID: 24436
# Current directory: D:/intelligent_traffic_light/optimized_intellight_v2/optimized_intellight_v2.tmp/accelerator_v1_0_project
# Command line: vivado.exe -gui_launcher_event rodinguilauncherevent18588 D:\intelligent_traffic_light\optimized_intellight_v2\optimized_intellight_v2.tmp\accelerator_v1_0_project\accelerator_v1_0_project.xpr
# Log file: D:/intelligent_traffic_light/optimized_intellight_v2/optimized_intellight_v2.tmp/accelerator_v1_0_project/vivado.log
# Journal file: D:/intelligent_traffic_light/optimized_intellight_v2/optimized_intellight_v2.tmp/accelerator_v1_0_project\vivado.jou
# Running On: DESKTOP-FRUK6JR, OS: Windows, CPU Frequency: 3593 MHz, CPU Physical cores: 6, Host memory: 8532 MB
#-----------------------------------------------------------
start_gui
open_project D:/intelligent_traffic_light/optimized_intellight_v2/optimized_intellight_v2.tmp/accelerator_v1_0_project/accelerator_v1_0_project.xpr
update_compile_order -fileset sources_1
ipx::open_ipxact_file {D:\intelligent_traffic_light\ip_repo\accelerator\component.xml}
ipx::add_subcore xilinx.com:user:accelerator:1.0 [ipx::get_file_groups xilinx_anylanguagesynthesis -of_objects [ipx::current_core]]
ipx::remove_file src/accelerator_ooc.xdc [ipx::get_file_groups xilinx_anylanguagesynthesis -of_objects [ipx::current_core]]
ipx::remove_subcore xilinx.com:user:accelerator:1.0 [ipx::get_file_groups xilinx_anylanguagesynthesis -of_objects [ipx::current_core]]
set_property is_include true [ipx::get_files src/CU.v -of_objects [ipx::get_file_groups xilinx_anylanguagesynthesis -of_objects [ipx::current_core]]]
set_property is_include true [ipx::get_files src/MII.v -of_objects [ipx::get_file_groups xilinx_anylanguagesynthesis -of_objects [ipx::current_core]]]
ipx::merge_project_changes hdl_parameters [ipx::current_core]
