#-----------------------------------------------------------
# Vivado v2022.1 (64-bit)
# SW Build 3526262 on Mon Apr 18 15:48:16 MDT 2022
# IP Build 3524634 on Mon Apr 18 20:55:01 MDT 2022
# Start of session at: Mon Nov  7 14:33:09 2022
# Process ID: 19964
# Current directory: D:/intelligent_traffic_light/intellight/accelerator
# Command line: vivado.exe -gui_launcher_event rodinguilauncherevent20880 D:\intelligent_traffic_light\intellight\accelerator\edit_Intellight_Accelerator_v1_0.xpr
# Log file: D:/intelligent_traffic_light/intellight/accelerator/vivado.log
# Journal file: D:/intelligent_traffic_light/intellight/accelerator\vivado.jou
# Running On: DESKTOP-FRUK6JR, OS: Windows, CPU Frequency: 3593 MHz, CPU Physical cores: 6, Host memory: 8532 MB
#-----------------------------------------------------------
start_gui
open_project D:/intelligent_traffic_light/intellight/accelerator/edit_Intellight_Accelerator_v1_0.xpr
update_compile_order -fileset sources_1
file mkdir D:/intelligent_traffic_light/intellight/accelerator/edit_Intellight_Accelerator_v1_0.srcs/sim_1/new
set_property SOURCE_SET sources_1 [get_filesets sim_1]
close [ open D:/intelligent_traffic_light/intellight/accelerator/edit_Intellight_Accelerator_v1_0.srcs/sim_1/new/SD_tb.sv w ]
add_files -fileset sim_1 D:/intelligent_traffic_light/intellight/accelerator/edit_Intellight_Accelerator_v1_0.srcs/sim_1/new/SD_tb.sv
update_compile_order -fileset sim_1
