#-----------------------------------------------------------
# Vivado v2022.1 (64-bit)
# SW Build 3526262 on Mon Apr 18 15:48:16 MDT 2022
# IP Build 3524634 on Mon Apr 18 20:55:01 MDT 2022
# Start of session at: Wed Nov  2 16:25:27 2022
# Process ID: 14880
# Current directory: D:/intelligent_traffic_light/optimized_intellight_v2/optimized_intellight_v2.tmp/accelerator_v1_0_project
# Command line: vivado.exe -gui_launcher_event rodinguilauncherevent23316 D:\intelligent_traffic_light\optimized_intellight_v2\optimized_intellight_v2.tmp\accelerator_v1_0_project\accelerator_v1_0_project.xpr
# Log file: D:/intelligent_traffic_light/optimized_intellight_v2/optimized_intellight_v2.tmp/accelerator_v1_0_project/vivado.log
# Journal file: D:/intelligent_traffic_light/optimized_intellight_v2/optimized_intellight_v2.tmp/accelerator_v1_0_project\vivado.jou
# Running On: DESKTOP-FRUK6JR, OS: Windows, CPU Frequency: 3593 MHz, CPU Physical cores: 6, Host memory: 8532 MB
#-----------------------------------------------------------sstart_guioopen_project D:/intelligent_traffic_light/optimized_intellight_v2/optimized_intellight_v2.tmp/accelerator_v1_0_project/accelerator_v1_0_project.xprupdate_compile_order -fileset sources_1

