#-----------------------------------------------------------
# Vivado v2022.1 (64-bit)
# SW Build 3526262 on Mon Apr 18 15:48:16 MDT 2022
# IP Build 3524634 on Mon Apr 18 20:55:01 MDT 2022
# Start of session at: Thu Nov  3 18:49:47 2022
# Process ID: 10820
# Current directory: D:/intelligent_traffic_light/optimized_intellight_v2
# Command line: vivado.exe -gui_launcher_event rodinguilauncherevent17000 D:\intelligent_traffic_light\optimized_intellight_v2\optimized_intellight_v2.xpr
# Log file: D:/intelligent_traffic_light/optimized_intellight_v2/vivado.log
# Journal file: D:/intelligent_traffic_light/optimized_intellight_v2\vivado.jou
# Running On: DESKTOP-FRUK6JR, OS: Windows, CPU Frequency: 3593 MHz, CPU Physical cores: 6, Host memory: 8532 MB
#-----------------------------------------------------------
start_gui
open_project D:/intelligent_traffic_light/optimized_intellight_v2/optimized_intellight_v2.xpr
update_compile_order -fileset sources_1
open_bd_design {D:/intelligent_traffic_light/optimized_intellight_v2/optimized_intellight_v2.srcs/sources_1/bd/intellight_v2/intellight_v2.bd}
open_bd_design {D:/intelligent_traffic_light/optimized_intellight_v2/optimized_intellight_v2.srcs/sources_1/bd/action_ram/action_ram.bd}
write_bd_tcl -force D:/intelligent_traffic_light/intellight/export/action_ram.tcl
