#-----------------------------------------------------------
# Vivado v2022.1 (64-bit)
# SW Build 3526262 on Mon Apr 18 15:48:16 MDT 2022
# IP Build 3524634 on Mon Apr 18 20:55:01 MDT 2022
# Start of session at: Wed Dec 28 19:06:34 2022
# Process ID: 4124
# Current directory: D:/intelligent_traffic_light/intellight/accelerator/edit_Intellight_Accelerator_v1_0.runs/synth_1
# Command line: vivado.exe -log Intellight_Accelerator_v1_0.vds -product Vivado -mode batch -messageDb vivado.pb -notrace -source Intellight_Accelerator_v1_0.tcl
# Log file: D:/intelligent_traffic_light/intellight/accelerator/edit_Intellight_Accelerator_v1_0.runs/synth_1/Intellight_Accelerator_v1_0.vds
# Journal file: D:/intelligent_traffic_light/intellight/accelerator/edit_Intellight_Accelerator_v1_0.runs/synth_1\vivado.jou
# Running On: DESKTOP-IH2NQ0H, OS: Windows, CPU Frequency: 2304 MHz, CPU Physical cores: 4, Host memory: 8424 MB
#-----------------------------------------------------------
source Intellight_Accelerator_v1_0.tcl -notrace
